interactions:
- request:
    body: null
    headers:
      Accept:
      - application/json;version=2
      Accept-Encoding:
      - gzip, deflate
      Connection:
      - keep-alive
      User-Agent:
      - apypie (https://github.com/Apipie/apypie)
    method: GET
    uri: https://centos7-katello-3-13.yatsu.example.com/api/status
  response:
    body:
      string: !!python/unicode '{"result":"ok","status":200,"version":"1.23.0","api_version":2}'
    headers:
      cache-control:
      - max-age=0, private, must-revalidate
      connection:
      - Keep-Alive
      content-length:
      - '63'
      content-security-policy:
      - 'default-src ''self''; child-src ''self''; connect-src ''self'' ws: wss:;
        img-src ''self'' data: *.gravatar.com; script-src ''unsafe-eval'' ''unsafe-inline''
        ''self''; style-src ''unsafe-inline'' ''self'''
      content-type:
      - application/json; charset=utf-8
      date:
      - Thu, 31 Oct 2019 14:52:07 GMT
      etag:
      - W/"e155d3039d3e53c9bd4f09acfe48e637"
      foreman_api_version:
      - '2'
      foreman_current_location:
      - ; ANY
      foreman_current_organization:
      - ; ANY
      foreman_version:
      - 1.23.0
      keep-alive:
      - timeout=5, max=10000
      server:
      - Apache
      set-cookie:
      - _session_id=2193e03a301505c09df05818a996131a; path=/; secure; HttpOnly; SameSite=Lax
      status:
      - 200 OK
      strict-transport-security:
      - max-age=631139040; includeSubdomains
      x-content-type-options:
      - nosniff
      x-download-options:
      - noopen
      x-frame-options:
      - sameorigin
      x-permitted-cross-domain-policies:
      - none
      x-powered-by:
      - Phusion Passenger 4.0.53
      x-request-id:
      - caf950da-409a-4b70-b247-d8bba7b8dc00
      x-runtime:
      - '0.137266'
      x-xss-protection:
      - 1; mode=block
    status:
      code: 200
      message: OK
- request:
    body: null
    headers:
      Accept:
      - application/json;version=2
      Accept-Encoding:
      - gzip, deflate
      Connection:
      - keep-alive
      Cookie:
      - _session_id=2193e03a301505c09df05818a996131a
      User-Agent:
      - apypie (https://github.com/Apipie/apypie)
    method: GET
    uri: https://centos7-katello-3-13.yatsu.example.com/katello/api/organizations?per_page=4294967296&search=name%3D%22Test+Organization%22
  response:
    body:
      string: !!python/unicode "{\n  \"total\": 2,\n  \"subtotal\": 1,\n  \"page\":
        1,\n  \"per_page\": 4294967296,\n  \"search\": \"name=\\\"Test Organization\\\"\",\n
        \ \"sort\": {\n    \"by\": null,\n    \"order\": null\n  },\n  \"results\":
        [{\"label\":\"Test_Organization\",\"created_at\":\"2019-10-31 14:51:37 UTC\",\"updated_at\":\"2019-10-31
        14:51:37 UTC\",\"id\":5,\"name\":\"Test Organization\",\"title\":\"Test Organization\",\"description\":\"A
        test organization\"}]\n}\n"
    headers:
      cache-control:
      - max-age=0, private, must-revalidate
      connection:
      - Keep-Alive
      content-length:
      - '388'
      content-security-policy:
      - 'default-src ''self''; child-src ''self''; connect-src ''self'' ws: wss:;
        img-src ''self'' data: *.gravatar.com; script-src ''unsafe-eval'' ''unsafe-inline''
        ''self''; style-src ''unsafe-inline'' ''self'''
      content-type:
      - application/json; charset=utf-8
      date:
      - Thu, 31 Oct 2019 14:52:07 GMT
      etag:
      - W/"38880766b055fe195bf04d7bc014c190-gzip"
      foreman_api_version:
      - '2'
      foreman_current_location:
      - ; ANY
      foreman_current_organization:
      - ; ANY
      foreman_version:
      - 1.23.0
      keep-alive:
      - timeout=5, max=9999
      server:
      - Apache
      status:
      - 200 OK
      strict-transport-security:
      - max-age=631139040; includeSubdomains
      vary:
      - Accept-Encoding
      x-content-type-options:
      - nosniff
      x-download-options:
      - noopen
      x-frame-options:
      - sameorigin
      x-permitted-cross-domain-policies:
      - none
      x-powered-by:
      - Phusion Passenger 4.0.53
      x-request-id:
      - 7e6f4fdd-f356-4352-9e44-fb1e6b5433ba
      x-runtime:
      - '0.021622'
      x-xss-protection:
      - 1; mode=block
    status:
      code: 200
      message: OK
- request:
    body: null
    headers:
      Accept:
      - application/json;version=2
      Accept-Encoding:
      - gzip, deflate
      Connection:
      - keep-alive
      Cookie:
      - _session_id=2193e03a301505c09df05818a996131a
      User-Agent:
      - apypie (https://github.com/Apipie/apypie)
    method: GET
    uri: https://centos7-katello-3-13.yatsu.example.com/katello/api/organizations/5/activation_keys?per_page=4294967296&search=name%3D%22Test+Activation+Key%22
  response:
    body:
      string: !!python/unicode '{"total":1,"subtotal":1,"page":1,"per_page":"4294967296","error":null,"search":"name=\"Test
        Activation Key\"","sort":{"by":"name","order":"asc"},"results":[{"id":4,"name":"Test
        Activation Key","description":null,"unlimited_hosts":true,"auto_attach":true,"content_view_id":6,"environment_id":10,"usage_count":0,"user_id":4,"max_hosts":null,"release_version":null,"purpose_usage":null,"purpose_role":null,"organization_id":5,"organization":{"name":"Test
        Organization","label":"Test_Organization","id":5},"created_at":"2019-10-31
        14:52:05 UTC","updated_at":"2019-10-31 14:52:06 UTC","content_view":{"id":6,"name":"Default
        Organization View"},"environment":{"name":"Library","id":10},"products":[{"id":3,"name":"Test
        Product"}],"host_collections":[{"id":1,"name":"TheAnswer"}],"purpose_addons":[],"permissions":{"view_activation_keys":true,"edit_activation_keys":true,"destroy_activation_keys":true}}]}

'
    headers:
      cache-control:
      - max-age=0, private, must-revalidate
      connection:
      - Keep-Alive
      content-length:
      - '899'
      content-security-policy:
      - 'default-src ''self''; child-src ''self''; connect-src ''self'' ws: wss:;
        img-src ''self'' data: *.gravatar.com; script-src ''unsafe-eval'' ''unsafe-inline''
        ''self''; style-src ''unsafe-inline'' ''self'''
      content-type:
      - application/json; charset=utf-8
      date:
      - Thu, 31 Oct 2019 14:52:08 GMT
      etag:
      - W/"f95215103997f0c95bf3cb932b5477ce-gzip"
      foreman_api_version:
      - '2'
      foreman_current_location:
      - ; ANY
      foreman_current_organization:
      - ; ANY
      foreman_version:
      - 1.23.0
      keep-alive:
      - timeout=5, max=9998
      server:
      - Apache
      status:
      - 200 OK
      strict-transport-security:
      - max-age=631139040; includeSubdomains
      vary:
      - Accept-Encoding
      x-content-type-options:
      - nosniff
      x-download-options:
      - noopen
      x-frame-options:
      - sameorigin
      x-permitted-cross-domain-policies:
      - none
      x-powered-by:
      - Phusion Passenger 4.0.53
      x-request-id:
      - 51ae1d96-589a-47e4-8063-10ebd1738e55
      x-runtime:
      - '0.043697'
      x-xss-protection:
      - 1; mode=block
    status:
      code: 200
      message: OK
- request:
    body: null
    headers:
      Accept:
      - application/json;version=2
      Accept-Encoding:
      - gzip, deflate
      Connection:
      - keep-alive
      Cookie:
      - _session_id=2193e03a301505c09df05818a996131a
      User-Agent:
      - apypie (https://github.com/Apipie/apypie)
    method: GET
    uri: https://centos7-katello-3-13.yatsu.example.com/katello/api/activation_keys/4?organization_id=5
  response:
    body:
      string: !!python/unicode '  {"service_level":null,"content_overrides":[{"content_label":"Test_Organization_Test_Product_Test_Repository","name":"enabled","value":"0"}],"id":4,"name":"Test
        Activation Key","description":null,"unlimited_hosts":true,"auto_attach":true,"content_view_id":6,"environment_id":10,"usage_count":0,"user_id":4,"max_hosts":null,"release_version":null,"purpose_usage":null,"purpose_role":null,"organization_id":5,"organization":{"name":"Test
        Organization","label":"Test_Organization","id":5},"created_at":"2019-10-31
        14:52:05 UTC","updated_at":"2019-10-31 14:52:06 UTC","content_view":{"id":6,"name":"Default
        Organization View"},"environment":{"name":"Library","id":10},"products":[{"id":3,"name":"Test
        Product"}],"host_collections":[{"id":1,"name":"TheAnswer"}],"purpose_addons":[],"permissions":{"view_activation_keys":true,"edit_activation_keys":true,"destroy_activation_keys":true}}

'
    headers:
      cache-control:
      - max-age=0, private, must-revalidate
      connection:
      - Keep-Alive
      content-length:
      - '882'
      content-security-policy:
      - 'default-src ''self''; child-src ''self''; connect-src ''self'' ws: wss:;
        img-src ''self'' data: *.gravatar.com; script-src ''unsafe-eval'' ''unsafe-inline''
        ''self''; style-src ''unsafe-inline'' ''self'''
      content-type:
      - application/json; charset=utf-8
      date:
      - Thu, 31 Oct 2019 14:52:08 GMT
      etag:
      - W/"3aebeff5699bf0cd48e569ddc770729c-gzip"
      foreman_api_version:
      - '2'
      foreman_current_location:
      - ; ANY
      foreman_current_organization:
      - ; ANY
      foreman_version:
      - 1.23.0
      keep-alive:
      - timeout=5, max=9997
      server:
      - Apache
      status:
      - 200 OK
      strict-transport-security:
      - max-age=631139040; includeSubdomains
      vary:
      - Accept-Encoding
      x-content-type-options:
      - nosniff
      x-download-options:
      - noopen
      x-frame-options:
      - sameorigin
      x-permitted-cross-domain-policies:
      - none
      x-powered-by:
      - Phusion Passenger 4.0.53
      x-request-id:
      - 37ba22c0-5612-4f25-abfa-09a079a3ff1b
      x-runtime:
      - '0.083616'
      x-xss-protection:
      - 1; mode=block
    status:
      code: 200
      message: OK
version: 1
