interactions:
- request:
    body: null
    headers:
      Accept:
      - application/json;version=2
    method: GET
    uri: https://or.deploy6.dev.atix/api/status
  response:
    body:
      string: '{"result":"ok","status":200,"version":"1.21.3","api_version":2}'
    headers:
      Cache-Control:
      - max-age=0, private, must-revalidate
      Content-Length:
      - '63'
      Content-Security-Policy:
      - 'default-src ''self''; child-src ''self''; connect-src ''self'' ws: wss:;
        img-src ''self'' data: *.gravatar.com; script-src ''unsafe-eval'' ''unsafe-inline''
        ''self''; style-src ''unsafe-inline'' ''self'''
      Content-Type:
      - application/json; charset=utf-8
      Date:
      - Wed, 07 Aug 2019 09:36:18 GMT
      ETag:
      - W/"8ae0d3efe0e232e2a73486dc1f2e0fbb"
      Foreman_api_version:
      - '2'
      Foreman_version:
      - 1.21.3
      Server:
      - Apache
      Set-Cookie:
      - _session_id=df14688faeec7c038543b7059910a676; path=/; secure; HttpOnly; SameSite=Lax
      Status:
      - 200 OK
      Strict-Transport-Security:
      - max-age=631139040; includeSubdomains
      X-Content-Type-Options:
      - nosniff
      X-Download-Options:
      - noopen
      X-Frame-Options:
      - sameorigin
      X-Permitted-Cross-Domain-Policies:
      - none
      X-Powered-By:
      - Phusion Passenger 4.0.18
      X-Request-Id:
      - 7d60819f-af18-4485-b654-60b87ebe5079
      X-Runtime:
      - '0.067153'
      X-XSS-Protection:
      - 1; mode=block
    status:
      code: 200
      message: OK
- request:
    body: null
    headers:
      Accept:
      - application/json;version=2
      Cookie:
      - _session_id=df14688faeec7c038543b7059910a676
    method: GET
    uri: https://or.deploy6.dev.atix/api/compute_resources?search=name%3D%22libvirt-cr%22&per_page=4294967296
  response:
    body:
      string: "{\n  \"total\": 2,\n  \"subtotal\": 1,\n  \"page\": 1,\n  \"per_page\"\
        : 4294967296,\n  \"search\": \"name=\\\"libvirt-cr\\\"\",\n  \"sort\": {\n\
        \    \"by\": null,\n    \"order\": null\n  },\n  \"results\": [{\"description\"\
        :\"A compute_resource with an updated description and params\",\"url\":\"\
        qemu+ssh://root@libvirt.example.com/system\",\"created_at\":\"2019-08-07 09:36:14\
        \ UTC\",\"updated_at\":\"2019-08-07 09:36:18 UTC\",\"id\":36,\"name\":\"libvirt-cr\"\
        ,\"provider\":\"Libvirt\",\"provider_friendly_name\":\"Libvirt\",\"display_type\"\
        :\"spice\",\"set_console_password\":true}]\n}\n"
    headers:
      Cache-Control:
      - max-age=0, private, must-revalidate
      Content-Security-Policy:
      - 'default-src ''self''; child-src ''self''; connect-src ''self'' ws: wss:;
        img-src ''self'' data: *.gravatar.com; script-src ''unsafe-eval'' ''unsafe-inline''
        ''self''; style-src ''unsafe-inline'' ''self'''
      Content-Type:
      - application/json; charset=utf-8
      Date:
      - Wed, 07 Aug 2019 09:36:18 GMT
      ETag:
      - W/"880a61746893cdbeca1d49186712887e"
      Foreman_api_version:
      - '2'
      Foreman_version:
      - 1.21.3
      Server:
      - Apache
      Status:
      - 200 OK
      Strict-Transport-Security:
      - max-age=631139040; includeSubdomains
      Transfer-Encoding:
      - chunked
      Vary:
      - Accept-Encoding
      X-Content-Type-Options:
      - nosniff
      X-Download-Options:
      - noopen
      X-Frame-Options:
      - sameorigin
      X-Permitted-Cross-Domain-Policies:
      - none
      X-Powered-By:
      - Phusion Passenger 4.0.18
      X-Request-Id:
      - c500093e-86d3-4e93-b2ed-8130d00e01bc
      X-Runtime:
      - '0.046926'
      X-XSS-Protection:
      - 1; mode=block
    status:
      code: 200
      message: OK
- request:
    body: null
    headers:
      Accept:
      - application/json;version=2
      Cookie:
      - _session_id=df14688faeec7c038543b7059910a676
    method: GET
    uri: https://or.deploy6.dev.atix/api/compute_resources/36
  response:
    body:
      string: '{"description":"A compute_resource with an updated description and
        params","url":"qemu+ssh://root@libvirt.example.com/system","created_at":"2019-08-07
        09:36:14 UTC","updated_at":"2019-08-07 09:36:18 UTC","id":36,"name":"libvirt-cr","provider":"Libvirt","provider_friendly_name":"Libvirt","display_type":"spice","set_console_password":true,"images":[],"compute_attributes":[],"locations":[{"id":29,"name":"Test
        Location","title":"Test Location","description":null}],"organizations":[{"id":28,"name":"Test
        Organization","title":"Test Organization","description":"A test organization"}]}'
    headers:
      Cache-Control:
      - max-age=0, private, must-revalidate
      Content-Security-Policy:
      - 'default-src ''self''; child-src ''self''; connect-src ''self'' ws: wss:;
        img-src ''self'' data: *.gravatar.com; script-src ''unsafe-eval'' ''unsafe-inline''
        ''self''; style-src ''unsafe-inline'' ''self'''
      Content-Type:
      - application/json; charset=utf-8
      Date:
      - Wed, 07 Aug 2019 09:36:18 GMT
      ETag:
      - W/"f7cf86ca0513fbcb251e924cf54c46cc"
      Foreman_api_version:
      - '2'
      Foreman_version:
      - 1.21.3
      Server:
      - Apache
      Status:
      - 200 OK
      Strict-Transport-Security:
      - max-age=631139040; includeSubdomains
      Transfer-Encoding:
      - chunked
      Vary:
      - Accept-Encoding
      X-Content-Type-Options:
      - nosniff
      X-Download-Options:
      - noopen
      X-Frame-Options:
      - sameorigin
      X-Permitted-Cross-Domain-Policies:
      - none
      X-Powered-By:
      - Phusion Passenger 4.0.18
      X-Request-Id:
      - dcc0103e-96f7-4c5d-b19d-7470689058a9
      X-Runtime:
      - '0.063355'
      X-XSS-Protection:
      - 1; mode=block
    status:
      code: 200
      message: OK
- request:
    body: null
    headers:
      Accept:
      - application/json;version=2
      Cookie:
      - _session_id=df14688faeec7c038543b7059910a676
    method: GET
    uri: https://or.deploy6.dev.atix/api/organizations?search=name%3D%22Test+Organization%22&per_page=4294967296
  response:
    body:
      string: "{\n  \"total\": 2,\n  \"subtotal\": 1,\n  \"page\": 1,\n  \"per_page\"\
        : 4294967296,\n  \"search\": \"name=\\\"Test Organization\\\"\",\n  \"sort\"\
        : {\n    \"by\": null,\n    \"order\": null\n  },\n  \"results\": [{\"ancestry\"\
        :null,\"parent_id\":null,\"parent_name\":null,\"created_at\":\"2019-08-07\
        \ 09:36:06 UTC\",\"updated_at\":\"2019-08-07 09:36:06 UTC\",\"id\":28,\"name\"\
        :\"Test Organization\",\"title\":\"Test Organization\",\"description\":\"\
        A test organization\"}]\n}\n"
    headers:
      Cache-Control:
      - max-age=0, private, must-revalidate
      Content-Security-Policy:
      - 'default-src ''self''; child-src ''self''; connect-src ''self'' ws: wss:;
        img-src ''self'' data: *.gravatar.com; script-src ''unsafe-eval'' ''unsafe-inline''
        ''self''; style-src ''unsafe-inline'' ''self'''
      Content-Type:
      - application/json; charset=utf-8
      Date:
      - Wed, 07 Aug 2019 09:36:19 GMT
      ETag:
      - W/"0de85668e21677da0f20786bf09acaaa"
      Foreman_api_version:
      - '2'
      Foreman_version:
      - 1.21.3
      Server:
      - Apache
      Status:
      - 200 OK
      Strict-Transport-Security:
      - max-age=631139040; includeSubdomains
      Transfer-Encoding:
      - chunked
      Vary:
      - Accept-Encoding
      X-Content-Type-Options:
      - nosniff
      X-Download-Options:
      - noopen
      X-Frame-Options:
      - sameorigin
      X-Permitted-Cross-Domain-Policies:
      - none
      X-Powered-By:
      - Phusion Passenger 4.0.18
      X-Request-Id:
      - 70a2ef19-39bc-452e-b6a7-fab249dca2b4
      X-Runtime:
      - '0.065525'
      X-XSS-Protection:
      - 1; mode=block
    status:
      code: 200
      message: OK
- request:
    body: null
    headers:
      Accept:
      - application/json;version=2
      Cookie:
      - _session_id=df14688faeec7c038543b7059910a676
    method: GET
    uri: https://or.deploy6.dev.atix/api/locations?search=title%3D%22Test+Location%22&per_page=4294967296
  response:
    body:
      string: "{\n  \"total\": 2,\n  \"subtotal\": 1,\n  \"page\": 1,\n  \"per_page\"\
        : 4294967296,\n  \"search\": \"title=\\\"Test Location\\\"\",\n  \"sort\"\
        : {\n    \"by\": null,\n    \"order\": null\n  },\n  \"results\": [{\"ancestry\"\
        :null,\"parent_id\":null,\"parent_name\":null,\"created_at\":\"2019-08-07\
        \ 09:36:10 UTC\",\"updated_at\":\"2019-08-07 09:36:10 UTC\",\"id\":29,\"name\"\
        :\"Test Location\",\"title\":\"Test Location\",\"description\":null}]\n}\n"
    headers:
      Cache-Control:
      - max-age=0, private, must-revalidate
      Content-Security-Policy:
      - 'default-src ''self''; child-src ''self''; connect-src ''self'' ws: wss:;
        img-src ''self'' data: *.gravatar.com; script-src ''unsafe-eval'' ''unsafe-inline''
        ''self''; style-src ''unsafe-inline'' ''self'''
      Content-Type:
      - application/json; charset=utf-8
      Date:
      - Wed, 07 Aug 2019 09:36:19 GMT
      ETag:
      - W/"f2db052700b6caeae2fb0254e42699c3"
      Foreman_api_version:
      - '2'
      Foreman_version:
      - 1.21.3
      Server:
      - Apache
      Status:
      - 200 OK
      Strict-Transport-Security:
      - max-age=631139040; includeSubdomains
      Transfer-Encoding:
      - chunked
      Vary:
      - Accept-Encoding
      X-Content-Type-Options:
      - nosniff
      X-Download-Options:
      - noopen
      X-Frame-Options:
      - sameorigin
      X-Permitted-Cross-Domain-Policies:
      - none
      X-Powered-By:
      - Phusion Passenger 4.0.18
      X-Request-Id:
      - 21f50b3d-c860-41fa-9fe9-73efc1281f71
      X-Runtime:
      - '0.043598'
      X-XSS-Protection:
      - 1; mode=block
    status:
      code: 200
      message: OK
version: 1
