interactions:
- request:
    body: null
    headers:
      Accept: [application/json;version=2]
    method: GET
    uri: https://foreman.example.com/api/status
  response:
    body: {string: !!python/unicode '{"result":"ok","status":200,"version":"1.22.1","api_version":2}'}
    headers:
      cache-control: ['max-age=0, private, must-revalidate']
      content-length: ['63']
      content-security-policy: ['default-src ''self''; child-src ''self''; connect-src
          ''self'' ws: wss:; img-src ''self'' data: *.gravatar.com; script-src ''unsafe-eval''
          ''unsafe-inline'' ''self''; style-src ''unsafe-inline'' ''self''']
      content-type: [application/json; charset=utf-8]
      date: ['Fri, 27 Sep 2019 15:43:32 GMT']
      etag: [W/"7462024e111aafa1fe0b7de16a6757f0"]
      foreman_api_version: ['2']
      foreman_version: [1.22.1]
      server: [Apache]
      set-cookie: [_session_id=3c31b08fc5a7673f13137816d95daa76; path=/; secure; HttpOnly;
          SameSite=Lax]
      status: [200 OK]
      strict-transport-security: [max-age=631139040; includeSubdomains]
      x-content-type-options: [nosniff]
      x-download-options: [noopen]
      x-frame-options: [sameorigin]
      x-permitted-cross-domain-policies: [none]
      x-powered-by: [Phusion Passenger 4.0.53]
      x-request-id: [9e7b6631-5bb5-4bde-85e1-2cf49d0d48ee]
      x-runtime: ['0.034921']
      x-xss-protection: [1; mode=block]
    status: {code: 200, message: OK}
- request:
    body: null
    headers:
      Accept: [application/json;version=2]
      Cookie: [_session_id=3c31b08fc5a7673f13137816d95daa76]
    method: GET
    uri: https://foreman.example.com/api/domains?per_page=4294967296&search=name%3D%22example.com%22
  response:
    body: {string: !!python/unicode "{\n  \"total\": 1,\n  \"subtotal\": 1,\n  \"page\":
        1,\n  \"per_page\": 4294967296,\n  \"search\": \"name=\\\"example.com\\\"\",\n
        \ \"sort\": {\n    \"by\": null,\n    \"order\": null\n  },\n  \"results\":
        [{\"fullname\":null,\"created_at\":\"2019-09-26 17:24:19 UTC\",\"updated_at\":\"2019-09-27
        15:34:52 UTC\",\"id\":1,\"name\":\"example.com\",\"dns_id\":1,\"dns\":{\"name\":\"foreman.example.com\",\"id\":1,\"url\":\"https://foreman.example.com:9090\"}}]\n}\n"}
    headers:
      cache-control: ['max-age=0, private, must-revalidate']
      content-security-policy: ['default-src ''self''; child-src ''self''; connect-src
          ''self'' ws: wss:; img-src ''self'' data: *.gravatar.com; script-src ''unsafe-eval''
          ''unsafe-inline'' ''self''; style-src ''unsafe-inline'' ''self''']
      content-type: [application/json; charset=utf-8]
      date: ['Fri, 27 Sep 2019 15:43:33 GMT']
      etag: [W/"0944d75044c5ecd4ead8e21d21a2cbca"]
      foreman_api_version: ['2']
      foreman_version: [1.22.1]
      server: [Apache]
      status: [200 OK]
      strict-transport-security: [max-age=631139040; includeSubdomains]
      transfer-encoding: [chunked]
      vary: [Accept-Encoding]
      x-content-type-options: [nosniff]
      x-download-options: [noopen]
      x-frame-options: [sameorigin]
      x-permitted-cross-domain-policies: [none]
      x-powered-by: [Phusion Passenger 4.0.53]
      x-request-id: [98c84664-b1ac-4bb7-ae75-8870b4415f94]
      x-runtime: ['0.022472']
      x-xss-protection: [1; mode=block]
    status: {code: 200, message: OK}
- request:
    body: null
    headers:
      Accept: [application/json;version=2]
      Cookie: [_session_id=3c31b08fc5a7673f13137816d95daa76]
    method: GET
    uri: https://foreman.example.com/api/domains/1
  response:
    body: {string: !!python/unicode '{"fullname":null,"created_at":"2019-09-26 17:24:19
        UTC","updated_at":"2019-09-27 15:34:52 UTC","id":1,"name":"example.com","dns_id":1,"dns":{"name":"foreman.example.com","id":1,"url":"https://foreman.example.com:9090"},"subnets":[],"interfaces":[],"parameters":[{"priority":30,"created_at":"2019-09-27
        15:43:31 UTC","updated_at":"2019-09-27 15:43:31 UTC","id":17,"name":"subnet_param1","parameter_type":"string","value":"value1"},{"priority":30,"created_at":"2019-09-27
        15:43:31 UTC","updated_at":"2019-09-27 15:43:31 UTC","id":16,"name":"subnet_param2","parameter_type":"string","value":"value2"}],"locations":[{"id":13,"name":"Test
        Location","title":"Test Location","description":null},{"id":14,"name":"Sublocation","title":"Test
        Location/Sublocation","description":null}],"organizations":[{"id":15,"name":"Test
        Organization","title":"Test Organization","description":"A test organization"}]}'}
    headers:
      cache-control: ['max-age=0, private, must-revalidate']
      content-security-policy: ['default-src ''self''; child-src ''self''; connect-src
          ''self'' ws: wss:; img-src ''self'' data: *.gravatar.com; script-src ''unsafe-eval''
          ''unsafe-inline'' ''self''; style-src ''unsafe-inline'' ''self''']
      content-type: [application/json; charset=utf-8]
      date: ['Fri, 27 Sep 2019 15:43:33 GMT']
      etag: [W/"d598bb5433ed9ddd2a8443b94dddaff6"]
      foreman_api_version: ['2']
      foreman_version: [1.22.1]
      server: [Apache]
      status: [200 OK]
      strict-transport-security: [max-age=631139040; includeSubdomains]
      transfer-encoding: [chunked]
      vary: [Accept-Encoding]
      x-content-type-options: [nosniff]
      x-download-options: [noopen]
      x-frame-options: [sameorigin]
      x-permitted-cross-domain-policies: [none]
      x-powered-by: [Phusion Passenger 4.0.53]
      x-request-id: [c8c6b3f4-92a3-4537-94be-338b356b11f6]
      x-runtime: ['0.035585']
      x-xss-protection: [1; mode=block]
    status: {code: 200, message: OK}
- request:
    body: null
    headers:
      Accept: [application/json;version=2]
      Cookie: [_session_id=3c31b08fc5a7673f13137816d95daa76]
    method: GET
    uri: https://foreman.example.com/api/smart_proxies?per_page=4294967296&search=name%3D%22foreman.example.com%22
  response:
    body: {string: !!python/unicode "{\n  \"total\": 1,\n  \"subtotal\": 1,\n  \"page\":
        1,\n  \"per_page\": 4294967296,\n  \"search\": \"name=\\\"foreman.example.com\\\"\",\n
        \ \"sort\": {\n    \"by\": null,\n    \"order\": null\n  },\n  \"results\":
        [{\"created_at\":\"2019-09-26 17:24:12 UTC\",\"updated_at\":\"2019-09-26 17:24:13
        UTC\",\"name\":\"foreman.example.com\",\"id\":1,\"url\":\"https://foreman.example.com:9090\",\"download_policy\":\"on_demand\",\"features\":[{\"capabilities\":[],\"name\":\"Pulp\",\"id\":2},{\"capabilities\":[],\"name\":\"Openscap\",\"id\":16},{\"capabilities\":[],\"name\":\"DNS\",\"id\":6},{\"capabilities\":[],\"name\":\"Templates\",\"id\":1},{\"capabilities\":[],\"name\":\"TFTP\",\"id\":5},{\"capabilities\":[],\"name\":\"Puppet
        CA\",\"id\":9},{\"capabilities\":[],\"name\":\"Puppet\",\"id\":8},{\"capabilities\":[],\"name\":\"BMC\",\"id\":10},{\"capabilities\":[],\"name\":\"Logs\",\"id\":13},{\"capabilities\":[],\"name\":\"HTTPBoot\",\"id\":14}]}]\n}\n"}
    headers:
      cache-control: ['max-age=0, private, must-revalidate']
      content-security-policy: ['default-src ''self''; child-src ''self''; connect-src
          ''self'' ws: wss:; img-src ''self'' data: *.gravatar.com; script-src ''unsafe-eval''
          ''unsafe-inline'' ''self''; style-src ''unsafe-inline'' ''self''']
      content-type: [application/json; charset=utf-8]
      date: ['Fri, 27 Sep 2019 15:43:33 GMT']
      etag: [W/"fb8490b52978155af10e3fccac1c9b7d"]
      foreman_api_version: ['2']
      foreman_version: [1.22.1]
      server: [Apache]
      status: [200 OK]
      strict-transport-security: [max-age=631139040; includeSubdomains]
      transfer-encoding: [chunked]
      vary: [Accept-Encoding]
      x-content-type-options: [nosniff]
      x-download-options: [noopen]
      x-frame-options: [sameorigin]
      x-permitted-cross-domain-policies: [none]
      x-powered-by: [Phusion Passenger 4.0.53]
      x-request-id: [3b420cfa-1e6e-452d-a2d1-2ecb7d74073b]
      x-runtime: ['0.025463']
      x-xss-protection: [1; mode=block]
    status: {code: 200, message: OK}
- request:
    body: null
    headers:
      Accept: [application/json;version=2]
      Cookie: [_session_id=3c31b08fc5a7673f13137816d95daa76]
    method: GET
    uri: https://foreman.example.com/api/locations?per_page=4294967296&search=title%3D%22Test+Location%22
  response:
    body: {string: !!python/unicode "{\n  \"total\": 4,\n  \"subtotal\": 1,\n  \"page\":
        1,\n  \"per_page\": 4294967296,\n  \"search\": \"title=\\\"Test Location\\\"\",\n
        \ \"sort\": {\n    \"by\": null,\n    \"order\": null\n  },\n  \"results\":
        [{\"ancestry\":null,\"parent_id\":null,\"parent_name\":null,\"created_at\":\"2019-09-27
        15:34:49 UTC\",\"updated_at\":\"2019-09-27 15:34:49 UTC\",\"id\":13,\"name\":\"Test
        Location\",\"title\":\"Test Location\",\"description\":null}]\n}\n"}
    headers:
      cache-control: ['max-age=0, private, must-revalidate']
      content-security-policy: ['default-src ''self''; child-src ''self''; connect-src
          ''self'' ws: wss:; img-src ''self'' data: *.gravatar.com; script-src ''unsafe-eval''
          ''unsafe-inline'' ''self''; style-src ''unsafe-inline'' ''self''']
      content-type: [application/json; charset=utf-8]
      date: ['Fri, 27 Sep 2019 15:43:33 GMT']
      etag: [W/"6cffe5ffad84863e39f77cb6d485d80d"]
      foreman_api_version: ['2']
      foreman_version: [1.22.1]
      server: [Apache]
      status: [200 OK]
      strict-transport-security: [max-age=631139040; includeSubdomains]
      transfer-encoding: [chunked]
      vary: [Accept-Encoding]
      x-content-type-options: [nosniff]
      x-download-options: [noopen]
      x-frame-options: [sameorigin]
      x-permitted-cross-domain-policies: [none]
      x-powered-by: [Phusion Passenger 4.0.53]
      x-request-id: [0d38adec-ece7-412a-9f41-735ffcf3b8be]
      x-runtime: ['0.018322']
      x-xss-protection: [1; mode=block]
    status: {code: 200, message: OK}
- request:
    body: null
    headers:
      Accept: [application/json;version=2]
      Cookie: [_session_id=3c31b08fc5a7673f13137816d95daa76]
    method: GET
    uri: https://foreman.example.com/api/locations?per_page=4294967296&search=title%3D%22Test+Location%2FSublocation%22
  response:
    body: {string: !!python/unicode "{\n  \"total\": 4,\n  \"subtotal\": 1,\n  \"page\":
        1,\n  \"per_page\": 4294967296,\n  \"search\": \"title=\\\"Test Location/Sublocation\\\"\",\n
        \ \"sort\": {\n    \"by\": null,\n    \"order\": null\n  },\n  \"results\":
        [{\"ancestry\":\"13\",\"parent_id\":13,\"parent_name\":\"Test Location\",\"created_at\":\"2019-09-27
        15:34:50 UTC\",\"updated_at\":\"2019-09-27 15:34:50 UTC\",\"id\":14,\"name\":\"Sublocation\",\"title\":\"Test
        Location/Sublocation\",\"description\":null}]\n}\n"}
    headers:
      cache-control: ['max-age=0, private, must-revalidate']
      content-security-policy: ['default-src ''self''; child-src ''self''; connect-src
          ''self'' ws: wss:; img-src ''self'' data: *.gravatar.com; script-src ''unsafe-eval''
          ''unsafe-inline'' ''self''; style-src ''unsafe-inline'' ''self''']
      content-type: [application/json; charset=utf-8]
      date: ['Fri, 27 Sep 2019 15:43:33 GMT']
      etag: [W/"40d988f08a9c26c1e0aec3416ad09762"]
      foreman_api_version: ['2']
      foreman_version: [1.22.1]
      server: [Apache]
      status: [200 OK]
      strict-transport-security: [max-age=631139040; includeSubdomains]
      transfer-encoding: [chunked]
      vary: [Accept-Encoding]
      x-content-type-options: [nosniff]
      x-download-options: [noopen]
      x-frame-options: [sameorigin]
      x-permitted-cross-domain-policies: [none]
      x-powered-by: [Phusion Passenger 4.0.53]
      x-request-id: [17a18ba0-2fd5-44b4-bd28-452150df95b6]
      x-runtime: ['0.020528']
      x-xss-protection: [1; mode=block]
    status: {code: 200, message: OK}
- request:
    body: null
    headers:
      Accept: [application/json;version=2]
      Cookie: [_session_id=3c31b08fc5a7673f13137816d95daa76]
    method: GET
    uri: https://foreman.example.com/api/organizations?per_page=4294967296&search=name%3D%22Test+Organization%22
  response:
    body: {string: !!python/unicode "{\n  \"total\": 2,\n  \"subtotal\": 1,\n  \"page\":
        1,\n  \"per_page\": 4294967296,\n  \"search\": \"name=\\\"Test Organization\\\"\",\n
        \ \"sort\": {\n    \"by\": null,\n    \"order\": null\n  },\n  \"results\":
        [{\"ancestry\":null,\"parent_id\":null,\"parent_name\":null,\"created_at\":\"2019-09-27
        15:34:51 UTC\",\"updated_at\":\"2019-09-27 15:34:51 UTC\",\"id\":15,\"name\":\"Test
        Organization\",\"title\":\"Test Organization\",\"description\":\"A test organization\"}]\n}\n"}
    headers:
      cache-control: ['max-age=0, private, must-revalidate']
      content-security-policy: ['default-src ''self''; child-src ''self''; connect-src
          ''self'' ws: wss:; img-src ''self'' data: *.gravatar.com; script-src ''unsafe-eval''
          ''unsafe-inline'' ''self''; style-src ''unsafe-inline'' ''self''']
      content-type: [application/json; charset=utf-8]
      date: ['Fri, 27 Sep 2019 15:43:33 GMT']
      etag: [W/"73442e80c0d9fc99d38b51a5ff87cb5f"]
      foreman_api_version: ['2']
      foreman_version: [1.22.1]
      server: [Apache]
      status: [200 OK]
      strict-transport-security: [max-age=631139040; includeSubdomains]
      transfer-encoding: [chunked]
      vary: [Accept-Encoding]
      x-content-type-options: [nosniff]
      x-download-options: [noopen]
      x-frame-options: [sameorigin]
      x-permitted-cross-domain-policies: [none]
      x-powered-by: [Phusion Passenger 4.0.53]
      x-request-id: [8ee545a5-16be-4729-b47b-2c84c9b863b9]
      x-runtime: ['0.018522']
      x-xss-protection: [1; mode=block]
    status: {code: 200, message: OK}
- request:
    body: null
    headers:
      Accept: [application/json;version=2]
      Cookie: [_session_id=3c31b08fc5a7673f13137816d95daa76]
    method: GET
    uri: https://foreman.example.com/api/domains/1/parameters?per_page=4294967296
  response:
    body: {string: !!python/unicode "{\n  \"total\": 2,\n  \"subtotal\": 2,\n  \"page\":
        1,\n  \"per_page\": 4294967296,\n  \"search\": null,\n  \"sort\": {\n    \"by\":
        null,\n    \"order\": null\n  },\n  \"results\": [{\"priority\":30,\"created_at\":\"2019-09-27
        15:43:31 UTC\",\"updated_at\":\"2019-09-27 15:43:31 UTC\",\"id\":17,\"name\":\"subnet_param1\",\"parameter_type\":\"string\",\"value\":\"value1\"},{\"priority\":30,\"created_at\":\"2019-09-27
        15:43:31 UTC\",\"updated_at\":\"2019-09-27 15:43:31 UTC\",\"id\":16,\"name\":\"subnet_param2\",\"parameter_type\":\"string\",\"value\":\"value2\"}]\n}\n"}
    headers:
      cache-control: ['max-age=0, private, must-revalidate']
      content-security-policy: ['default-src ''self''; child-src ''self''; connect-src
          ''self'' ws: wss:; img-src ''self'' data: *.gravatar.com; script-src ''unsafe-eval''
          ''unsafe-inline'' ''self''; style-src ''unsafe-inline'' ''self''']
      content-type: [application/json; charset=utf-8]
      date: ['Fri, 27 Sep 2019 15:43:33 GMT']
      etag: [W/"d5eb0aeb90d4387f8fc38a1e4b41b374"]
      foreman_api_version: ['2']
      foreman_version: [1.22.1]
      server: [Apache]
      status: [200 OK]
      strict-transport-security: [max-age=631139040; includeSubdomains]
      transfer-encoding: [chunked]
      vary: [Accept-Encoding]
      x-content-type-options: [nosniff]
      x-download-options: [noopen]
      x-frame-options: [sameorigin]
      x-permitted-cross-domain-policies: [none]
      x-powered-by: [Phusion Passenger 4.0.53]
      x-request-id: [4616e76c-a10f-4eda-bb89-8bd6bd801546]
      x-runtime: ['0.021612']
      x-xss-protection: [1; mode=block]
    status: {code: 200, message: OK}
version: 1
