interactions:
- request:
    body: null
    headers:
      Accept: [application/json;version=2]
    method: GET
    uri: https://foreman.example.com/api/status
  response:
    body: {string: !!python/unicode '{"result":"ok","status":200,"version":"1.22.1","api_version":2}'}
    headers:
      cache-control: ['max-age=0, private, must-revalidate']
      content-length: ['63']
      content-security-policy: ['default-src ''self''; child-src ''self''; connect-src
          ''self'' ws: wss:; img-src ''self'' data: *.gravatar.com; script-src ''unsafe-eval''
          ''unsafe-inline'' ''self''; style-src ''unsafe-inline'' ''self''']
      content-type: [application/json; charset=utf-8]
      date: ['Fri, 27 Sep 2019 15:26:22 GMT']
      etag: [W/"7462024e111aafa1fe0b7de16a6757f0"]
      foreman_api_version: ['2']
      foreman_version: [1.22.1]
      server: [Apache]
      set-cookie: [_session_id=a82357941d8a8a4825765be90b2c6ce8; path=/; secure; HttpOnly;
          SameSite=Lax]
      status: [200 OK]
      strict-transport-security: [max-age=631139040; includeSubdomains]
      x-content-type-options: [nosniff]
      x-download-options: [noopen]
      x-frame-options: [sameorigin]
      x-permitted-cross-domain-policies: [none]
      x-powered-by: [Phusion Passenger 4.0.53]
      x-request-id: [999b454a-3e38-43f0-b00e-6b779f4ec765]
      x-runtime: ['0.027411']
      x-xss-protection: [1; mode=block]
    status: {code: 200, message: OK}
- request:
    body: null
    headers:
      Accept: [application/json;version=2]
      Cookie: [_session_id=a82357941d8a8a4825765be90b2c6ce8]
    method: GET
    uri: https://foreman.example.com/api/common_parameters?per_page=4294967296&search=name%3D%22TheAnswer%22
  response:
    body: {string: !!python/unicode "{\n  \"total\": 1,\n  \"subtotal\": 1,\n  \"page\":
        1,\n  \"per_page\": 4294967296,\n  \"search\": \"name=\\\"TheAnswer\\\"\",\n
        \ \"sort\": {\n    \"by\": null,\n    \"order\": null\n  },\n  \"results\":
        [{\"created_at\":\"2019-09-27 15:26:18 UTC\",\"updated_at\":\"2019-09-27 15:26:22
        UTC\",\"hidden_value?\":false,\"hidden_value\":\"*****\",\"id\":4,\"name\":\"TheAnswer\",\"parameter_type\":\"real\",\"value\":3.14}]\n}\n"}
    headers:
      cache-control: ['max-age=0, private, must-revalidate']
      content-security-policy: ['default-src ''self''; child-src ''self''; connect-src
          ''self'' ws: wss:; img-src ''self'' data: *.gravatar.com; script-src ''unsafe-eval''
          ''unsafe-inline'' ''self''; style-src ''unsafe-inline'' ''self''']
      content-type: [application/json; charset=utf-8]
      date: ['Fri, 27 Sep 2019 15:26:22 GMT']
      etag: [W/"f1880fbb49ec1c7c5e1ecc1d199998ea"]
      foreman_api_version: ['2']
      foreman_version: [1.22.1]
      server: [Apache]
      status: [200 OK]
      strict-transport-security: [max-age=631139040; includeSubdomains]
      transfer-encoding: [chunked]
      vary: [Accept-Encoding]
      x-content-type-options: [nosniff]
      x-download-options: [noopen]
      x-frame-options: [sameorigin]
      x-permitted-cross-domain-policies: [none]
      x-powered-by: [Phusion Passenger 4.0.53]
      x-request-id: [714d7917-bde8-4f05-966e-80f162a6ae20]
      x-runtime: ['0.018775']
      x-xss-protection: [1; mode=block]
    status: {code: 200, message: OK}
- request:
    body: null
    headers:
      Accept: [application/json;version=2]
      Cookie: [_session_id=a82357941d8a8a4825765be90b2c6ce8]
    method: GET
    uri: https://foreman.example.com/api/common_parameters/4
  response:
    body: {string: !!python/unicode '{"created_at":"2019-09-27 15:26:18 UTC","updated_at":"2019-09-27
        15:26:22 UTC","hidden_value?":false,"hidden_value":"*****","id":4,"name":"TheAnswer","parameter_type":"real","value":3.14}'}
    headers:
      cache-control: ['max-age=0, private, must-revalidate']
      content-security-policy: ['default-src ''self''; child-src ''self''; connect-src
          ''self'' ws: wss:; img-src ''self'' data: *.gravatar.com; script-src ''unsafe-eval''
          ''unsafe-inline'' ''self''; style-src ''unsafe-inline'' ''self''']
      content-type: [application/json; charset=utf-8]
      date: ['Fri, 27 Sep 2019 15:26:22 GMT']
      etag: [W/"d068847273849f6ee933fae3412be966"]
      foreman_api_version: ['2']
      foreman_version: [1.22.1]
      server: [Apache]
      status: [200 OK]
      strict-transport-security: [max-age=631139040; includeSubdomains]
      transfer-encoding: [chunked]
      vary: [Accept-Encoding]
      x-content-type-options: [nosniff]
      x-download-options: [noopen]
      x-frame-options: [sameorigin]
      x-permitted-cross-domain-policies: [none]
      x-powered-by: [Phusion Passenger 4.0.53]
      x-request-id: [5b6de710-824c-4db2-8b61-680f5e974840]
      x-runtime: ['0.016262']
      x-xss-protection: [1; mode=block]
    status: {code: 200, message: OK}
version: 1
