interactions:
- request:
    body: null
    headers:
      Accept: [application/json;version=2]
    method: GET
    uri: https://foreman.example.com/api/status
  response:
    body: {string: !!python/unicode '{"result":"ok","status":200,"version":"1.22.0","api_version":2}'}
    headers:
      cache-control: ['max-age=0, private, must-revalidate']
      content-length: ['63']
      content-security-policy: ['default-src ''self''; child-src ''self''; connect-src
          ''self'' ws: wss:; img-src ''self'' data: *.gravatar.com; script-src ''unsafe-eval''
          ''unsafe-inline'' ''self''; style-src ''unsafe-inline'' ''self''']
      content-type: [application/json; charset=utf-8]
      date: ['Sat, 10 Aug 2019 08:27:47 GMT']
      etag: [W/"674e9dbc2140c688b559566b581c5c09"]
      foreman_api_version: ['2']
      foreman_version: [1.22.0]
      server: [Apache]
      set-cookie: [_session_id=ad3f709b6a88554e9795215af1e5e32a; path=/; secure; HttpOnly;
          SameSite=Lax]
      status: [200 OK]
      strict-transport-security: [max-age=631139040; includeSubdomains]
      x-content-type-options: [nosniff]
      x-download-options: [noopen]
      x-frame-options: [sameorigin]
      x-permitted-cross-domain-policies: [none]
      x-powered-by: [Phusion Passenger 4.0.53]
      x-request-id: [8d62ad9c-8f11-47cd-80db-f964388fc53d]
      x-runtime: ['0.055149']
      x-xss-protection: [1; mode=block]
    status: {code: 200, message: OK}
- request:
    body: null
    headers:
      Accept: [application/json;version=2]
      Cookie: [_session_id=ad3f709b6a88554e9795215af1e5e32a]
    method: GET
    uri: https://foreman.example.com/katello/api/organizations?per_page=4294967296&search=name%3D%22Test+Organization%22
  response:
    body: {string: !!python/unicode "{\n  \"total\": 3,\n  \"subtotal\": 1,\n  \"page\":
        1,\n  \"per_page\": 4294967296,\n  \"search\": \"name=\\\"Test Organization\\\"\",\n
        \ \"sort\": {\n    \"by\": null,\n    \"order\": null\n  },\n  \"results\":
        [{\"label\":\"Test_Organization\",\"created_at\":\"2019-08-09 18:03:41 UTC\",\"updated_at\":\"2019-08-09
        18:03:41 UTC\",\"id\":100,\"name\":\"Test Organization\",\"title\":\"Test
        Organization\",\"description\":\"A test organization\"}]\n}\n"}
    headers:
      cache-control: ['max-age=0, private, must-revalidate']
      content-security-policy: ['default-src ''self''; child-src ''self''; connect-src
          ''self'' ws: wss:; img-src ''self'' data: *.gravatar.com; script-src ''unsafe-eval''
          ''unsafe-inline'' ''self''; style-src ''unsafe-inline'' ''self''']
      content-type: [application/json; charset=utf-8]
      date: ['Sat, 10 Aug 2019 08:27:47 GMT']
      etag: [W/"319316690b1e302153714d688c7a8c54"]
      foreman_api_version: ['2']
      foreman_version: [1.22.0]
      server: [Apache]
      status: [200 OK]
      strict-transport-security: [max-age=631139040; includeSubdomains]
      transfer-encoding: [chunked]
      vary: [Accept-Encoding]
      x-content-type-options: [nosniff]
      x-download-options: [noopen]
      x-frame-options: [sameorigin]
      x-permitted-cross-domain-policies: [none]
      x-powered-by: [Phusion Passenger 4.0.53]
      x-request-id: [2a2944c7-46b0-41d3-8827-ff00085d21ab]
      x-runtime: ['0.023772']
      x-xss-protection: [1; mode=block]
    status: {code: 200, message: OK}
- request:
    body: null
    headers:
      Accept: [application/json;version=2]
      Cookie: [_session_id=ad3f709b6a88554e9795215af1e5e32a]
    method: GET
    uri: https://foreman.example.com/katello/api/organizations/100/environments?per_page=4294967296&search=name%3D%22Test%22
  response:
    body: {string: !!python/unicode '{"total":2,"subtotal":0,"page":1,"per_page":"4294967296","error":null,"search":"name=\"Test\"","sort":{"by":"name","order":"asc"},"results":[]}

'}
    headers:
      cache-control: ['max-age=0, private, must-revalidate']
      content-security-policy: ['default-src ''self''; child-src ''self''; connect-src
          ''self'' ws: wss:; img-src ''self'' data: *.gravatar.com; script-src ''unsafe-eval''
          ''unsafe-inline'' ''self''; style-src ''unsafe-inline'' ''self''']
      content-type: [application/json; charset=utf-8]
      date: ['Sat, 10 Aug 2019 08:27:47 GMT']
      etag: [W/"51a458b8453b1f5bf0591b5b469e2823"]
      foreman_api_version: ['2']
      foreman_version: [1.22.0]
      server: [Apache]
      status: [200 OK]
      strict-transport-security: [max-age=631139040; includeSubdomains]
      transfer-encoding: [chunked]
      vary: [Accept-Encoding]
      x-content-type-options: [nosniff]
      x-download-options: [noopen]
      x-frame-options: [sameorigin]
      x-permitted-cross-domain-policies: [none]
      x-powered-by: [Phusion Passenger 4.0.53]
      x-request-id: [d98a6874-8543-4a1d-b000-57e3e05f161d]
      x-runtime: ['0.019034']
      x-xss-protection: [1; mode=block]
    status: {code: 200, message: OK}
- request:
    body: null
    headers:
      Accept: [application/json;version=2]
      Cookie: [_session_id=ad3f709b6a88554e9795215af1e5e32a]
    method: GET
    uri: https://foreman.example.com/katello/api/organizations/100/environments?per_page=4294967296&search=name%3D%22Dev%22
  response:
    body: {string: !!python/unicode '{"total":2,"subtotal":1,"page":1,"per_page":"4294967296","error":null,"search":"name=\"Dev\"","sort":{"by":"name","order":"asc"},"results":[{"library":false,"registry_name_pattern":null,"registry_unauthenticated_pull":false,"id":132,"name":"Dev","label":"dev","description":"The
        dev environment","organization_id":100,"organization":{"name":"Test Organization","label":"Test_Organization","id":100},"created_at":"2019-08-10
        08:27:47 UTC","updated_at":"2019-08-10 08:27:47 UTC","prior":{"name":"Library","id":113},"successor":null,"counts":{"content_hosts":0,"content_views":0},"permissions":{"create_lifecycle_environments":true,"view_lifecycle_environments":true,"edit_lifecycle_environments":true,"destroy_lifecycle_environments":true,"promote_or_remove_content_views_to_environments":true}}]}

'}
    headers:
      cache-control: ['max-age=0, private, must-revalidate']
      content-security-policy: ['default-src ''self''; child-src ''self''; connect-src
          ''self'' ws: wss:; img-src ''self'' data: *.gravatar.com; script-src ''unsafe-eval''
          ''unsafe-inline'' ''self''; style-src ''unsafe-inline'' ''self''']
      content-type: [application/json; charset=utf-8]
      date: ['Sat, 10 Aug 2019 08:27:47 GMT']
      etag: [W/"0f08af9c1aa23b6fad7c805ba914601d"]
      foreman_api_version: ['2']
      foreman_version: [1.22.0]
      server: [Apache]
      status: [200 OK]
      strict-transport-security: [max-age=631139040; includeSubdomains]
      transfer-encoding: [chunked]
      vary: [Accept-Encoding]
      x-content-type-options: [nosniff]
      x-download-options: [noopen]
      x-frame-options: [sameorigin]
      x-permitted-cross-domain-policies: [none]
      x-powered-by: [Phusion Passenger 4.0.53]
      x-request-id: [013c000b-eb86-4474-a5c6-d3d21de7adb8]
      x-runtime: ['0.032447']
      x-xss-protection: [1; mode=block]
    status: {code: 200, message: OK}
- request:
    body: !!python/unicode '{"label": "test", "prior_id": 132, "description": "The
      dev environment", "name": "Test"}'
    headers:
      Accept: [application/json;version=2]
      Content-Length: ['88']
      Content-Type: [application/json]
      Cookie: [_session_id=ad3f709b6a88554e9795215af1e5e32a]
    method: POST
    uri: https://foreman.example.com/katello/api/organizations/100/environments
  response:
    body: {string: !!python/unicode '  {"library":false,"registry_name_pattern":null,"registry_unauthenticated_pull":false,"id":133,"name":"Test","label":"test","description":"The
        dev environment","organization_id":100,"organization":{"name":"Test Organization","label":"Test_Organization","id":100},"created_at":"2019-08-10
        08:27:47 UTC","updated_at":"2019-08-10 08:27:47 UTC","prior":{"name":"Dev","id":132},"successor":null,"counts":{"content_hosts":0,"content_views":0},"permissions":{"create_lifecycle_environments":true,"view_lifecycle_environments":true,"edit_lifecycle_environments":true,"destroy_lifecycle_environments":true,"promote_or_remove_content_views_to_environments":true}}

'}
    headers:
      cache-control: ['max-age=0, private, must-revalidate']
      content-security-policy: ['default-src ''self''; child-src ''self''; connect-src
          ''self'' ws: wss:; img-src ''self'' data: *.gravatar.com; script-src ''unsafe-eval''
          ''unsafe-inline'' ''self''; style-src ''unsafe-inline'' ''self''']
      content-type: [application/json; charset=utf-8]
      date: ['Sat, 10 Aug 2019 08:27:47 GMT']
      etag: [W/"233d249d163fd015a905623ab4d81e19"]
      foreman_api_version: ['2']
      foreman_version: [1.22.0]
      server: [Apache]
      set-cookie: [request_method=POST; path=/; secure; HttpOnly; SameSite=Lax]
      status: [200 OK]
      strict-transport-security: [max-age=631139040; includeSubdomains]
      transfer-encoding: [chunked]
      vary: [Accept-Encoding]
      x-content-type-options: [nosniff]
      x-download-options: [noopen]
      x-frame-options: [sameorigin]
      x-permitted-cross-domain-policies: [none]
      x-powered-by: [Phusion Passenger 4.0.53]
      x-request-id: [a1cb5b89-980b-4207-8183-f642d3c6c083]
      x-runtime: ['0.082790']
      x-xss-protection: [1; mode=block]
    status: {code: 200, message: OK}
version: 1
