interactions:
- request:
    body: null
    headers:
      Accept: [application/json;version=2]
    method: GET
    uri: https://foreman.example.com/api/status
  response:
    body: {string: !!python/unicode '{"result":"ok","status":200,"version":"1.22.1","api_version":2}'}
    headers:
      cache-control: ['max-age=0, private, must-revalidate']
      content-length: ['63']
      content-security-policy: ['default-src ''self''; child-src ''self''; connect-src
          ''self'' ws: wss:; img-src ''self'' data: *.gravatar.com; script-src ''unsafe-eval''
          ''unsafe-inline'' ''self''; style-src ''unsafe-inline'' ''self''']
      content-type: [application/json; charset=utf-8]
      date: ['Wed, 02 Oct 2019 16:08:30 GMT']
      etag: [W/"7462024e111aafa1fe0b7de16a6757f0"]
      foreman_api_version: ['2']
      foreman_version: [1.22.1]
      server: [Apache]
      set-cookie: [_session_id=fdb4ba587b5bd2733a5cb80fe38d7f3c; path=/; secure; HttpOnly;
          SameSite=Lax]
      status: [200 OK]
      strict-transport-security: [max-age=631139040; includeSubdomains]
      x-content-type-options: [nosniff]
      x-download-options: [noopen]
      x-frame-options: [sameorigin]
      x-permitted-cross-domain-policies: [none]
      x-powered-by: [Phusion Passenger 4.0.53]
      x-request-id: [fc532f42-3eb1-4956-9a4c-8797a66cd3e7]
      x-runtime: ['0.030689']
      x-xss-protection: [1; mode=block]
    status: {code: 200, message: OK}
- request:
    body: null
    headers:
      Accept: [application/json;version=2]
      Cookie: [_session_id=fdb4ba587b5bd2733a5cb80fe38d7f3c]
    method: GET
    uri: https://foreman.example.com/api/subnets?per_page=4294967296&search=name%3D%22My+new+test+subnet%22
  response:
    body: {string: !!python/unicode "{\n  \"total\": 1,\n  \"subtotal\": 1,\n  \"page\":
        1,\n  \"per_page\": 4294967296,\n  \"search\": \"name=\\\"My new test subnet\\\"\",\n
        \ \"sort\": {\n    \"by\": null,\n    \"order\": null\n  },\n  \"results\":
        [{\"network\":\"192.168.200.0\",\"network_type\":\"IPv4\",\"cidr\":27,\"mask\":\"255.255.255.224\",\"priority\":null,\"vlanid\":null,\"mtu\":1500,\"gateway\":null,\"dns_primary\":null,\"dns_secondary\":null,\"from\":null,\"to\":null,\"created_at\":\"2019-10-02
        16:08:29 UTC\",\"updated_at\":\"2019-10-02 16:08:30 UTC\",\"ipam\":\"DHCP\",\"boot_mode\":\"DHCP\",\"id\":32,\"name\":\"My
        new test subnet\",\"description\":null,\"network_address\":\"192.168.200.0/27\",\"dhcp_id\":null,\"dhcp_name\":null,\"tftp_id\":null,\"tftp_name\":null,\"httpboot_id\":null,\"httpboot_name\":null,\"dns_id\":null,\"template_id\":null,\"template_name\":null,\"dhcp\":null,\"tftp\":null,\"httpboot\":null,\"dns\":null,\"template\":null}]\n}\n"}
    headers:
      cache-control: ['max-age=0, private, must-revalidate']
      content-security-policy: ['default-src ''self''; child-src ''self''; connect-src
          ''self'' ws: wss:; img-src ''self'' data: *.gravatar.com; script-src ''unsafe-eval''
          ''unsafe-inline'' ''self''; style-src ''unsafe-inline'' ''self''']
      content-type: [application/json; charset=utf-8]
      date: ['Wed, 02 Oct 2019 16:08:31 GMT']
      etag: [W/"210d330c5ef9dfc230a580d0eb6569cc"]
      foreman_api_version: ['2']
      foreman_version: [1.22.1]
      server: [Apache]
      status: [200 OK]
      strict-transport-security: [max-age=631139040; includeSubdomains]
      transfer-encoding: [chunked]
      vary: [Accept-Encoding]
      x-content-type-options: [nosniff]
      x-download-options: [noopen]
      x-frame-options: [sameorigin]
      x-permitted-cross-domain-policies: [none]
      x-powered-by: [Phusion Passenger 4.0.53]
      x-request-id: [5d9b9e37-1b79-40b2-9f6a-5e7c872340e7]
      x-runtime: ['0.045203']
      x-xss-protection: [1; mode=block]
    status: {code: 200, message: OK}
- request:
    body: null
    headers:
      Accept: [application/json;version=2]
      Content-Length: ['0']
      Cookie: [_session_id=fdb4ba587b5bd2733a5cb80fe38d7f3c]
    method: DELETE
    uri: https://foreman.example.com/api/subnets/32
  response:
    body: {string: !!python/unicode '{"id":32,"network":"192.168.200.0","mask":"255.255.255.224","priority":null,"name":"My
        new test subnet","vlanid":null,"created_at":"2019-10-02T16:08:29.621Z","updated_at":"2019-10-02T16:08:30.120Z","dhcp_id":null,"tftp_id":null,"gateway":null,"dns_primary":null,"dns_secondary":null,"from":null,"to":null,"dns_id":null,"boot_mode":"DHCP","ipam":"DHCP","description":null,"mtu":1500,"template_id":null,"httpboot_id":null,"to_label":"My
        new test subnet (192.168.200.0/27)","type":"Subnet::Ipv4"}'}
    headers:
      cache-control: ['max-age=0, private, must-revalidate']
      content-security-policy: ['default-src ''self''; child-src ''self''; connect-src
          ''self'' ws: wss:; img-src ''self'' data: *.gravatar.com; script-src ''unsafe-eval''
          ''unsafe-inline'' ''self''; style-src ''unsafe-inline'' ''self''']
      content-type: [application/json; charset=utf-8]
      date: ['Wed, 02 Oct 2019 16:08:31 GMT']
      etag: [W/"fe92f2b91d4e73fb089e9751c8854bff"]
      foreman_api_version: ['2']
      foreman_version: [1.22.1]
      server: [Apache]
      set-cookie: [request_method=DELETE; path=/; secure; HttpOnly; SameSite=Lax]
      status: [200 OK]
      strict-transport-security: [max-age=631139040; includeSubdomains]
      transfer-encoding: [chunked]
      vary: [Accept-Encoding]
      x-content-type-options: [nosniff]
      x-download-options: [noopen]
      x-frame-options: [sameorigin]
      x-permitted-cross-domain-policies: [none]
      x-powered-by: [Phusion Passenger 4.0.53]
      x-request-id: [4c39ca88-f359-429b-a06e-60b9e1c63b67]
      x-runtime: ['0.037024']
      x-xss-protection: [1; mode=block]
    status: {code: 200, message: OK}
version: 1
