// Jest Snapshot v1, https://goo.gl/fbAQLP

exports[`<ToolbarDeleteButton /> should render button 1`] = `
<ToolbarDeleteButton
  i18n={"/i18n/"}
  itemsToDelete={Array []}
  onDelete={[Function]}
  pluralizedItemName="Items"
>
  <Tooltip
    appendTo={[Function]}
    aria="describedby"
    boundary="window"
    className=""
    content="Select a row to delete"
    distance={15}
    enableFlip={true}
    entryDelay={500}
    exitDelay={500}
    flipBehavior={
      Array [
        "top",
        "right",
        "bottom",
        "left",
        "top",
        "right",
        "bottom",
      ]
    }
    id=""
    isAppLauncher={false}
    isContentLeftAligned={false}
    isVisible={false}
    maxWidth="18.75rem"
    position="top"
    tippyProps={Object {}}
    trigger="mouseenter focus"
    zIndex={9999}
  >
    <PopoverBase
      appendTo={[Function]}
      aria="describedby"
      arrow={true}
      boundary="window"
      content={
        <div
          className=""
          id=""
          role="tooltip"
        >
          <TooltipContent
            isLeftAligned={false}
          >
            Select a row to delete
          </TooltipContent>
        </div>
      }
      delay={
        Array [
          500,
          500,
        ]
      }
      distance={15}
      flip={true}
      flipBehavior={
        Array [
          "top",
          "right",
          "bottom",
          "left",
          "top",
          "right",
          "bottom",
        ]
      }
      isVisible={false}
      lazy={true}
      maxWidth="18.75rem"
      onCreate={[Function]}
      placement="top"
      popperOptions={
        Object {
          "modifiers": Object {
            "hide": Object {
              "enabled": true,
            },
            "preventOverflow": Object {
              "enabled": true,
            },
          },
        }
      }
      theme="pf-tooltip"
      trigger="mouseenter focus"
      zIndex={9999}
    >
      <div>
        <Component
          aria-label="Delete"
          isDisabled={true}
          onClick={[Function]}
          variant="danger"
        >
          <ComponentWithOuia
            component={[Function]}
            componentProps={
              Object {
                "aria-label": "Delete",
                "children": "Delete",
                "isDisabled": true,
                "onClick": [Function],
                "variant": "danger",
              }
            }
            consumerContext={null}
          >
            <Button
              aria-label="Delete"
              isDisabled={true}
              onClick={[Function]}
              ouiaContext={
                Object {
                  "isOuia": false,
                  "ouiaId": null,
                }
              }
              variant="danger"
            >
              <button
                aria-disabled={null}
                aria-label="Delete"
                className="pf-c-button pf-m-danger"
                disabled={true}
                onClick={[Function]}
                tabIndex={null}
                type="button"
              >
                Delete
              </button>
            </Button>
          </ComponentWithOuia>
        </Component>
      </div>
      <Portal
        containerInfo={
          <div>
            <div
              class=""
              id=""
              role="tooltip"
            >
              <div
                class="pf-c-tooltip__content"
              >
                Select a row to delete
              </div>
            </div>
          </div>
        }
      >
        <div
          className=""
          id=""
          role="tooltip"
        >
          <TooltipContent
            isLeftAligned={false}
          >
            <div
              className="pf-c-tooltip__content"
            >
              Select a row to delete
            </div>
          </TooltipContent>
        </div>
      </Portal>
    </PopoverBase>
  </Tooltip>
</ToolbarDeleteButton>
`;
