// Jest Snapshot v1, https://goo.gl/fbAQLP

exports[`<OrganizationAccess /> initially renders succesfully 1`] = `
<OrganizationAccess
  handleHttpError={[Function]}
  history={"/history/"}
  i18n={"/i18n/"}
  location={
    Object {
      "hash": "",
      "pathname": "",
      "search": "",
      "state": "",
    }
  }
  match={
    Object {
      "isExact": false,
      "params": Object {},
      "path": "",
      "url": "",
    }
  }
  organization={
    Object {
      "id": 1,
      "name": "Default",
      "summary_fields": Object {
        "object_roles": Object {},
        "user_capabilities": Object {
          "edit": true,
        },
      },
    }
  }
>
  <div>
    Loading...
  </div>
</OrganizationAccess>
`;
